Performing C SOURCE FILE Test CMAKE_HAVE_LIBC_PTHREAD failed with the following output:
Change Dir: /home/steffen/Downloads/glfw-master/build/CMakeFiles/CMakeTmp

Run Build Command(s):/usr/bin/gmake cmTC_9ead7/fast && /usr/bin/gmake -f CMakeFiles/cmTC_9ead7.dir/build.make CMakeFiles/cmTC_9ead7.dir/build
gmake[1]: Entering directory '/home/steffen/Downloads/glfw-master/build/CMakeFiles/CMakeTmp'
Building C object CMakeFiles/cmTC_9ead7.dir/src.c.o
/usr/bin/cc   -DCMAKE_HAVE_LIBC_PTHREAD   -o CMakeFiles/cmTC_9ead7.dir/src.c.o   -c /home/steffen/Downloads/glfw-master/build/CMakeFiles/CMakeTmp/src.c
Linking C executable cmTC_9ead7
/usr/bin/cmake -E cmake_link_script CMakeFiles/cmTC_9ead7.dir/link.txt --verbose=1
/usr/bin/cc  -DCMAKE_HAVE_LIBC_PTHREAD    CMakeFiles/cmTC_9ead7.dir/src.c.o  -o cmTC_9ead7 
/usr/bin/ld: CMakeFiles/cmTC_9ead7.dir/src.c.o: in function `main':
src.c:(.text+0x46): undefined reference to `pthread_create'
/usr/bin/ld: src.c:(.text+0x52): undefined reference to `pthread_detach'
/usr/bin/ld: src.c:(.text+0x63): undefined reference to `pthread_join'
collect2: error: ld returned 1 exit status
gmake[1]: *** [CMakeFiles/cmTC_9ead7.dir/build.make:87: cmTC_9ead7] Error 1
gmake[1]: Leaving directory '/home/steffen/Downloads/glfw-master/build/CMakeFiles/CMakeTmp'
gmake: *** [Makefile:121: cmTC_9ead7/fast] Error 2


Source file was:
#include <pthread.h>

void* test_func(void* data)
{
  return data;
}

int main(void)
{
  pthread_t thread;
  pthread_create(&thread, NULL, test_func, NULL);
  pthread_detach(thread);
  pthread_join(thread, NULL);
  pthread_atfork(NULL, NULL, NULL);
  pthread_exit(NULL);

  return 0;
}

Determining if the function pthread_create exists in the pthreads failed with the following output:
Change Dir: /home/steffen/Downloads/glfw-master/build/CMakeFiles/CMakeTmp

Run Build Command(s):/usr/bin/gmake cmTC_9e7c2/fast && /usr/bin/gmake -f CMakeFiles/cmTC_9e7c2.dir/build.make CMakeFiles/cmTC_9e7c2.dir/build
gmake[1]: Entering directory '/home/steffen/Downloads/glfw-master/build/CMakeFiles/CMakeTmp'
Building C object CMakeFiles/cmTC_9e7c2.dir/CheckFunctionExists.c.o
/usr/bin/cc   -DCHECK_FUNCTION_EXISTS=pthread_create   -o CMakeFiles/cmTC_9e7c2.dir/CheckFunctionExists.c.o   -c /usr/share/cmake-3.16/Modules/CheckFunctionExists.c
Linking C executable cmTC_9e7c2
/usr/bin/cmake -E cmake_link_script CMakeFiles/cmTC_9e7c2.dir/link.txt --verbose=1
/usr/bin/cc  -DCHECK_FUNCTION_EXISTS=pthread_create    CMakeFiles/cmTC_9e7c2.dir/CheckFunctionExists.c.o  -o cmTC_9e7c2  -lpthreads 
/usr/bin/ld: cannot find -lpthreads
collect2: error: ld returned 1 exit status
gmake[1]: *** [CMakeFiles/cmTC_9e7c2.dir/build.make:87: cmTC_9e7c2] Error 1
gmake[1]: Leaving directory '/home/steffen/Downloads/glfw-master/build/CMakeFiles/CMakeTmp'
gmake: *** [Makefile:121: cmTC_9e7c2/fast] Error 2



